
narub@BhavyaShree MINGW64 ~ (master)
$ cd ~/GitDemo

narub@BhavyaShree MINGW64 ~/GitDemo (master)
$ echo "This is a test log" > error.log

narub@BhavyaShree MINGW64 ~/GitDemo (master)
$ mkdir log
mkdir: cannot create directory ‘log’: File exists

narub@BhavyaShree MINGW64 ~/GitDemo (master)
$ ^C

narub@BhavyaShree MINGW64 ~/GitDemo (master)
$ echo "App started" > log/startup.log

narub@BhavyaShree MINGW64 ~/GitDemo (master)
$ rm -rf log
mkdir log
echo "App started" > log/startup.log

narub@BhavyaShree MINGW64 ~/GitDemo (master)
$ *.log
log/
/c/WINDOWS/system32/debug.log: line 1: [5360:5364:0729/075111.038:VERBOSE1:chromeupdaterupdater.cc:316]: No such file or directory
/c/WINDOWS/system32/debug.log: line 2: syntax error near unexpected token `('
/c/WINDOWS/system32/debug.log: line 2: `[5360:5364:0729/075111.040:VERBOSE1:chrome\updater\updater.cc:319] OS version: 10.0.26100.4770, System uptime (seconds): 17, parent pid: 1460'
bash: log/: Is a directory

narub@BhavyaShree MINGW64 ~/GitDemo (master)
$ git status
On branch master
Your branch is up to date with 'origin/master'.

Untracked files:
  (use "git add <file>..." to include in what will be committed)
        debug.log
        error.log
        log/

nothing added to commit but untracked files present (use "git add" to track)

narub@BhavyaShree MINGW64 ~/GitDemo (master)
$ git add .gitignore
git commit -m "Add .gitignore to ignore .log files and log folder"
fatal: pathspec '.gitignore' did not match any files
On branch master
Your branch is up to date with 'origin/master'.

Untracked files:
  (use "git add <file>..." to include in what will be committed)
        debug.log
        error.log
        log/

nothing added to commit but untracked files present (use "git add" to track)

narub@BhavyaShree MINGW64 ~/GitDemo (master)
$ git add .gitignore
fatal: pathspec '.gitignore' did not match any files

narub@BhavyaShree MINGW64 ~/GitDemo (master)
$ notepad++ .gitignore

narub@BhavyaShree MINGW64 ~/GitDemo (master)
$ ls -a
./  ../  .git/  .gitignore  debug.log  error.log  log/  welcome.txt

narub@BhavyaShree MINGW64 ~/GitDemo (master)
$ git add .gitignore

narub@BhavyaShree MINGW64 ~/GitDemo (master)
$ git commit -m "Add .gitignore to ignore .log files and log folder"
[master ae6c2d0] Add .gitignore to ignore .log files and log folder
 1 file changed, 2 insertions(+)
 create mode 100644 .gitignore

narub@BhavyaShree MINGW64 ~/GitDemo (master)
$ git push origin master
warning: redirecting to https://gitlab.com/bhavyasree275-group/gitdemo.git/
Enumerating objects: 4, done.
Counting objects: 100% (4/4), done.
Delta compression using up to 12 threads
Compressing objects: 100% (2/2), done.
Writing objects: 100% (3/3), 318 bytes | 318.00 KiB/s, done.
Total 3 (delta 0), reused 0 (delta 0), pack-reused 0 (from 0)
remote:
remote: To create a merge request for master, visit:
remote:   https://gitlab.com/bhavyasree275-group/gitdemo/-/merge_requests/new?merge_request%5Bsource_branch%5D=master
remote:
To https://gitlab.com/bhavyasree275-group/gitdemo
   ad7e7b9..ae6c2d0  master -> master

narub@BhavyaShree MINGW64 ~/GitDemo (master)
$ git status
On branch master
Your branch is up to date with 'origin/master'.

nothing to commit, working tree clean

narub@BhavyaShree MINGW64 ~/GitDemo (master)
$
